dell@DESKTOP-KOI7T54 MINGW64 ~
$ git config user.name Hari Krishna
fatal: not in a git directory

dell@DESKTOP-KOI7T54 MINGW64 ~
$ git config --global user.name Hari Krishna

dell@DESKTOP-KOI7T54 MINGW64 ~
$ git config --global user.email harikrishna99994@gmail.com

dell@DESKTOP-KOI7T54 MINGW64 ~
$ git config --list
diff.astextplain.textconv=astextplain
filter.lfs.clean=git-lfs clean -- %f
filter.lfs.smudge=git-lfs smudge -- %f
filter.lfs.process=git-lfs filter-process
filter.lfs.required=true
http.sslbackend=openssl
http.sslcainfo=C:/Program Files/Git/mingw64/ssl/certs/ca-bundle.crt
core.autocrlf=true
core.fscache=true
core.symlinks=false
pull.rebase=false
credential.helper=manager-core
credential.https://dev.azure.com.usehttppath=true
init.defaultbranch=master
user.name=Hari
user.email=harikrishna99994@gmail.com
user.name=Hari

dell@DESKTOP-KOI7T54 MINGW64 ~
$ cd "C:\Users\dell\Documents\Java\Become a Jr Java Software Developer\JavaTraining"

dell@DESKTOP-KOI7T54 MINGW64 ~/Documents/Java/Become a Jr Java Software Developer/JavaTraining (main)
$ git init
Reinitialized existing Git repository in C:/Users/dell/Documents/Java/Become a Jr Java Software Developer/JavaTraining/.git/

dell@DESKTOP-KOI7T54 MINGW64 ~/Documents/Java/Become a Jr Java Software Developer/JavaTraining (main)
$ git remote add origin https://github.com/harikrishna99994/sdetu--training.git
error: remote origin already exists.

dell@DESKTOP-KOI7T54 MINGW64 ~/Documents/Java/Become a Jr Java Software Developer/JavaTraining (main)
$ git add -A

dell@DESKTOP-KOI7T54 MINGW64 ~/Documents/Java/Become a Jr Java Software Developer/JavaTraining (main)
$ git status
On branch main

No commits yet

Changes to be committed:
  (use "git rm --cached <file>..." to unstage)
        new file:   .classpath
        new file:   .project
        new file:   .settings/org.eclipse.jdt.core.prefs
        new file:   bin/basics/Cities.class
        new file:   bin/basics/Days.class
        new file:   bin/basics/FibonacciApp.class
        new file:   bin/basics/NumbersCalc.class
        new file:   bin/basics/SalaryCalculator.class
        new file:   bin/basics/Strings.class
        new file:   bin/basics/Weather.class
        new file:   bin/labs/BankAccount.class
        new file:   bin/labs/BankAccountApp.class
        new file:   bin/labs/IInterest.class
        new file:   bin/labs/Lab1.class
        new file:   bin/labs/Lab2.class
        new file:   bin/labs/Student.class
        new file:   bin/oop/AccountApp.class
        new file:   bin/oop/BankAccount.class
        new file:   bin/oop/BankAccountApp.class
        new file:   bin/oop/CDAccount.class
        new file:   bin/oop/Demo.class
        new file:   bin/oop/IRate.class
        new file:   bin/oop/LoanAccount.class
        new file:   bin/oop/Person.class
        new file:   src/basics/Cities.java
        new file:   src/basics/Days.java
        new file:   src/basics/FibonacciApp.java
        new file:   src/basics/NumbersCalc.java
        new file:   src/basics/SalaryCalculator.java
        new file:   src/basics/Strings.java
        new file:   src/basics/Weather.java
        new file:   src/labs/BankAccountApp.java
        new file:   src/labs/IInterest.java
        new file:   src/labs/Lab1.java
        new file:   src/labs/Lab2.java
        new file:   src/oop/AccountApp.java
        new file:   src/oop/BankAccount.java
        new file:   src/oop/BankAccountApp.java
        new file:   src/oop/CDAccount.java
        new file:   src/oop/Demo.java
        new file:   src/oop/IRate.java
        new file:   src/oop/LoanAccount.java
===============================
dell@DESKTOP-KOI7T54 MINGW64 ~/Documents/Java/Become a Jr Java Software Developer/JavaTraining (main)
$ git commit -m "Initial add to repository"
[main (root-commit) 889397d] Initial add to repository
 42 files changed, 904 insertions(+)
 create mode 100644 .classpath
 create mode 100644 .project
 create mode 100644 .settings/org.eclipse.jdt.core.prefs
 create mode 100644 bin/basics/Cities.class
 create mode 100644 bin/basics/Days.class
 create mode 100644 bin/basics/FibonacciApp.class
 create mode 100644 bin/basics/NumbersCalc.class
 create mode 100644 bin/basics/SalaryCalculator.class
 create mode 100644 bin/basics/Strings.class
 create mode 100644 bin/basics/Weather.class
 create mode 100644 bin/labs/BankAccount.class
 create mode 100644 bin/labs/BankAccountApp.class
 create mode 100644 bin/labs/IInterest.class
 create mode 100644 bin/labs/Lab1.class
 create mode 100644 bin/labs/Lab2.class
 create mode 100644 bin/labs/Student.class
 create mode 100644 bin/oop/AccountApp.class
 create mode 100644 bin/oop/BankAccount.class
 create mode 100644 bin/oop/BankAccountApp.class
 create mode 100644 bin/oop/CDAccount.class
 create mode 100644 bin/oop/Demo.class
 create mode 100644 bin/oop/IRate.class
 create mode 100644 bin/oop/LoanAccount.class
 create mode 100644 bin/oop/Person.class
 create mode 100644 src/basics/Cities.java
 create mode 100644 src/basics/Days.java
 create mode 100644 src/basics/FibonacciApp.java
 create mode 100644 src/basics/NumbersCalc.java
 create mode 100644 src/basics/SalaryCalculator.java
 create mode 100644 src/basics/Strings.java
 create mode 100644 src/basics/Weather.java
 create mode 100644 src/labs/BankAccountApp.java
 create mode 100644 src/labs/IInterest.java
 create mode 100644 src/labs/Lab1.java
 create mode 100644 src/labs/Lab2.java
 create mode 100644 src/oop/AccountApp.java
 create mode 100644 src/oop/BankAccount.java
 create mode 100644 src/oop/BankAccountApp.java
 create mode 100644 src/oop/CDAccount.java
 create mode 100644 src/oop/Demo.java
 create mode 100644 src/oop/IRate.java
 create mode 100644 src/oop/LoanAccount.java

dell@DESKTOP-KOI7T54 MINGW64 ~/Documents/Java/Become a Jr Java Software Developer/JavaTraining (main)
$ git push -u origin main
Enumerating objects: 53, done.
Counting objects: 100% (53/53), done.
Delta compression using up to 4 threads
Compressing objects: 100% (53/53), done.
Writing objects: 100% (53/53), 24.55 KiB | 866.00 KiB/s, done.
Total 53 (delta 1), reused 0 (delta 0), pack-reused 0
remote: Resolving deltas: 100% (1/1), done.
To https://github.com/harikrishna99994/sdetu--training.git
 * [new branch]      main -> main
Branch 'main' set up to track remote branch 'main' from 'origin'.

dell@DESKTOP-KOI7T54 MINGW64 ~/Documents/Java/Become a Jr Java Software Developer/JavaTraining (main)
$ ^C

dell@DESKTOP-KOI7T54 MINGW64 ~/Documents/Java/Become a Jr Java Software Developer/JavaTraining (main)
$
==============================
cloning from github to folder by GIT BASH
====================

dell@DESKTOP-KOI7T54 MINGW64 ~
$ cd "C:\Users\dell\Documents\Java\Become a Jr Java Software Developer\SDETU-GitRepo"

dell@DESKTOP-KOI7T54 MINGW64 ~/Documents/Java/Become a Jr Java Software Developer/SDETU-GitRepo
$ git init
Initialized empty Git repository in C:/Users/dell/Documents/Java/Become a Jr Java Software Developer/SDETU-GitRepo/.git/

dell@DESKTOP-KOI7T54 MINGW64 ~/Documents/Java/Become a Jr Java Software Developer/SDETU-GitRepo (master)
$ git clone https://github.com/harikrishna99994/sdetu--training.git
Cloning into 'sdetu--training'...
remote: Enumerating objects: 53, done.
remote: Counting objects: 100% (53/53), done.
remote: Compressing objects: 100% (52/52), done.
remote: Total 53 (delta 1), reused 53 (delta 1), pack-reused 0
Receiving objects: 100% (53/53), 24.55 KiB | 126.00 KiB/s, done.
Resolving deltas: 100% (1/1), done.

dell@DESKTOP-KOI7T54 MINGW64 ~/Documents/Java/Become a Jr Java Software Developer/SDETU-GitRepo (master)
$
=======================

=============
dell@DESKTOP-KOI7T54 MINGW64 ~
$ cd "C:\Users\dell\Documents\Java\Become a Jr Java Software Developer\JavaTraining"

dell@DESKTOP-KOI7T54 MINGW64 ~/Documents/Java/Become a Jr Java Software Developer/JavaTraining (main)
$ git status
On branch main
Your branch is up to date with 'origin/main'.

Untracked files:
  (use "git add <file>..." to include in what will be committed)
        bin/basics/HelloWorld.class
        src/basics/HelloWorld.java

nothing added to commit but untracked files present (use "git add" to track)

dell@DESKTOP-KOI7T54 MINGW64 ~/Documents/Java/Become a Jr Java Software Developer/JavaTraining (main)
$ git add -A

dell@DESKTOP-KOI7T54 MINGW64 ~/Documents/Java/Become a Jr Java Software Developer/JavaTraining (main)
$ git status
On branch main
Your branch is up to date with 'origin/main'.

Changes to be committed:
  (use "git restore --staged <file>..." to unstage)
        new file:   bin/basics/HelloWorld.class
        new file:   src/basics/HelloWorld.java


dell@DESKTOP-KOI7T54 MINGW64 ~/Documents/Java/Become a Jr Java Software Developer/JavaTraining (main)
$ git commit -m "Added Hello World"
[main 3b9754d] Added Hello World
 2 files changed, 8 insertions(+)
 create mode 100644 bin/basics/HelloWorld.class
 create mode 100644 src/basics/HelloWorld.java

dell@DESKTOP-KOI7T54 MINGW64 ~/Documents/Java/Become a Jr Java Software Developer/JavaTraining (main)
$

dell@DESKTOP-KOI7T54 MINGW64 ~/Documents/Java/Become a Jr Java Software Developer/JavaTraining (main)
$ git status
On branch main
Your branch is ahead of 'origin/main' by 1 commit.
  (use "git push" to publish your local commits)

nothing to commit, working tree clean

dell@DESKTOP-KOI7T54 MINGW64 ~/Documents/Java/Become a Jr Java Software Developer/JavaTraining (main)
$ git push origin main
Enumerating objects: 13, done.
Counting objects: 100% (13/13), done.
Delta compression using up to 4 threads
Compressing objects: 100% (8/8), done.
Writing objects: 100% (8/8), 1.08 KiB | 100.00 KiB/s, done.
Total 8 (delta 3), reused 0 (delta 0), pack-reused 0
remote: Resolving deltas: 100% (3/3), completed with 3 local objects.
To https://github.com/harikrishna99994/sdetu--training.git
   889397d..3b9754d  main -> main

dell@DESKTOP-KOI7T54 MINGW64 ~/Documents/Java/Become a Jr Java Software Developer/JavaTraining (main)
$
==================
 Modifying in github
====================
dell@DESKTOP-KOI7T54 MINGW64 ~/Documents/Java/Become a Jr Java Software Developer/JavaTraining (main)
$ git pull
remote: Enumerating objects: 9, done.
remote: Counting objects: 100% (9/9), done.
remote: Compressing objects: 100% (5/5), done.
remote: Total 5 (delta 3), reused 0 (delta 0), pack-reused 0
Unpacking objects: 100% (5/5), 884 bytes | 46.00 KiB/s, done.
From https://github.com/harikrishna99994/sdetu--training
   3b9754d..470783f  main       -> origin/main
Updating 3b9754d..470783f
Fast-forward
 src/basics/HelloWorld.java | 1 +
 1 file changed, 1 insertion(+)

